_hCgPfymnIZgXfKb5r0ciucQfcVc	Info
_cHVWFos37pvBRUbs1Hk40hydbWX	DebuggerRCThread_hEvent1
_Q1NVBJMz9ArlNwOpaJ2IqeuOGpO	DebuggerRCThread_pDebugger
_lB2bJXkoPlac4P990ixtfRTQsTs	DebuggerRCThread_pDebuggerIPCControlBlock
_gkfa80GWXmaK554ZsMqgongsMgA	DebuggerRCThread_shouldKeepLooping
_HTj9Q1TibdSpHs9rhrPwdrjHHIi	Debugger_pDebuggerRCThread
_RI3vyEjRgpiq3r0ctn8EH8LdLfH	Debugger_pid
_aJieP7NqH6vW7hc6Xruc8xkLMCi	Infos
_Xln72NwMAaPWBNEYzecVJxhIYmh	info_CLR20_x86
_hGef8s3QBSVxi2dtzvx4pBGyuFe	info_CLR20_x64
_Pku8pzxIBB9Gc78b6bnA9dK564z	info_CLR40_x86_1
_URKC7wHWnNITxiii5aFHcNXfmcM	info_CLR40_x86_2
_cfZq6Hag6rMFuHDH2BSWmmF1hyH	info_CLR40_x64
_x1uqiNDzg2TsKfyj3qNZic6b7tc	ProfilerDetector
_bkel1r7ojbaH3vcLawPawB9AHuE	IsProfilerAttached
_bPDeqq5PzGtDy0PdxTbBlAqnyiG	WasProfilerAttached
_CE2YNZlTwUn5mEpwzQvzGulcEdf	Init
_czfAIvBc64GxsvdFJlYzEWCm6xD	PreventActiveProfilerFromReceivingProfilingMessages
_3vQKqHaxfnp7DL0lS3bkKOCGdzn	ProfilerDetectorCLR20
_WdJhvatB2RZFHap4NmTc2K1cc2cA	FindProfilerStatus
_OemlVQIegYmDfzHEo1UGOG9tRId	profilerStatusFlag
_khMDpZ5aBMrIunOZtCyh3aW5omaA	wasAttached
_07P2OKdSNbFtNODrpj0hQy9nU5d	ProfilerDetectorCLR40
_EnePHh3fmweTktFTWajyujegFpd	GetCurrentProcessId
_Q7DoXgLbtnD72uRxJJqH4FcslxF	Sleep
_MdWo6tjXUM7QsXBLmueKgmge5hd	CreateNamedPipe
_BtfFaeIIJ7j6fpQe6ANWbh1Lneu	CreateFile
_GDRucGmLwp5IFd9xy7o5eDckOiH	VirtualProtect
_x3eNGpfLkU8swRlcw9jzIiCoitd	TakeOwnershipOfNamedPipe
_lG2PYZSjMn18tmMa8MfjE4CRXok	CreateNamedPipeWait
_SwuPDFd5F1tTi6h6LlXaMjvE91D	FixTimeOutOption
_5XUd3W403FLwCtxKA83eryaNf8WA	CreatePipeFileHandleWait
_0iMKF3RBnEmqRUuIWgPF9ukCsSi	CreatePipeFileHandle
_KmYj9bDj5bWjqcvd4Jk2wrFkcPk	GetPipeName
_AH7kT4pzZsfbp70gMyM3NIqvCAG	FindThreadingModeAddress
_TqgfsBqDPvc7zblM1CRvxADwInI	FindTimeOutOptionAddress
_Oh3o0ZJpbjc4LVUAHQPci8mAvRg	Equals
_qNwLp5OAMQqGroeep8xOLlwe6uE	SkipRex
_9ymYFGMCYHrRGatwzgyD0xffwiM	SkipDecReg
_ULMx9m47WqSfia6GgakCZG8EFdP	NextJz
_LG5m5eIUrNaWPbAu5ElBpDCYMjg	PatchAttacherThreadProc
_vdVagzibPi1DFlATSyCJ9DGriMxA	FindAttacherThreadProc
_UFOt48thAof2vGip8aRoSX5s63G	CheckThreadProc
_3kfT7YSs8KiI9eLDBhGQaPcBfOo	FindProfilerControlBlock
_zP5n000QAZ48Dr5KwqCiPazOuiA	ConfigDWORDInfo_defValue
_GcueHMMadlDfm0taOnXIPoVr2KO	profilerControlBlock
_6iu3xpsC4nnAwEL8gQEFiYZdK8R	profilerPipe
_QoHB9rmkza927dsQirLVWj48Ru	PEInfo
_nJCtiHuVjZtni5DYjV6yLNwpojb	GetModuleHandle
_PrEeIpsQhL3u7XfIX5Pdk7Jej23	GetCLR
_DtyWjyKvXQE4c8WFifGIqTvWK3g	GetCLRAddress
_IiRKPqWlOa1ZBQbkeiHfsIMVMfm	IsValidImageAddress
_H5RegVWNtClCsW4vRGskfGYOBQi	FindSection
_VwKl3UXOmQPodwIc1BWsnKql44q	CompareSectionName
_rO8kVUtfADq8bdyuckMLEfqHvlC	IsAlignedPointer
_Tb7x9dvwWcuOJywmqDQ5r2Fafwf	IsAligned
_lJytJLmqwgOU0P5EuyYLVOU9okC	imageBase
_dFTz6t8JQ4eFYjnJyh7BgdCiWrk	imageEnd
_RpmOiEJKRftxlSyrCAKhQU18nJB	numSects
_X2uuqdbPYMizmftLUemQ0Z4QeCB	sectionsAddr
_2abDRUpVQxp9g3fQJE8VQFlPvWJ	Initialize
_rUpWcob14bXwO8gFGvMcH18xacd	CloseHandle
_u9mLVAfYIh1SKZxAvTLLUMgsYWL	IsDebuggerPresent
_SzBtpWy5C60mFtjYyiLPzdEAA7j	OutputDebugString
_AxybIm4jpu7wWxxEihYlHQwikVO	CheckRemoteDebuggerPresent
_sVXayx0bQhg50uwaFCOv4fYaER2	Worker
_YLSABjhKiMQM7TBCX49zN86PagoA	SetEvent
_HkkKoZLrDFUbhrqZkIT4zCRo9SM	InitializeAntiDebugger
_r76DwIT5mb8oOunLPKxCUM0QaB1	GetInfo
_8KvwpEFjcDGj7MryJHZGAUu4ZnN	FindDebuggerRCThreadAddress
_s6jrphA4EazCE00Jq64xsk954Hl	get_IsProfilerAttached
_ATja6HPNNviir0mDT39FZlnwhq0	get_WasProfilerAttached
_LcsUZMRv4r6swXF5memkKhK7tMB	InitializeAntiProfiler
_geiBvuFeNBvOkJL4CwUXh1MIj3B	CreateProfilerDetector
_ocjkvgHhANpqFJbzmaaGsnu5fd	GetMax
_BNpqBfI6HGTotFmcbknu4PtgCnr	profilerDetector
_3zjIQPEjdwSf1HCJioZEyrCQYDu	TITAN_Stealer.My
